module ListIndexMut
  use Ref
  use mach.int.Int
  use mach.int.Int32
  use mach.int.Int64
  use mach.int.UInt32
  use mach.int.UInt64
  use string.Char
  use floating_point.Single
  use floating_point.Double
  use prelude.Prelude

  scope Type
  type option 't = 
    | Option_None
    | Option_Some('t)
    
  predicate drop_option (drop_t : 't -> bool) (self : option 't) = 
    match (self) with
      | Option_None -> true
      | Option_Some(a) -> drop_t a
      end
  type list  = 
    | List(uint32, option (list))
    
  predicate drop_list (self : list) = 
    let List(a, b) = self in drop_uint a && drop_option drop_fix b
  end
  let rec function len (l : Type.list) : int = 
    ensures { result >= 0 }
    
      let Type.List(_, ls) = l in 1 + match (ls) with
        | Type.Option_Some(ls) -> len ls
        | Type.Option_None -> 0
        end
  let rec function get (l : Type.list) (ix : int) : Type.option uint32 = 
    variant {len l}
    
      let Type.List(i, ls) = l in match (ix > 0) with
        | False -> Type.Option_Some(i)
        | True -> match (ls) with
          | Type.Option_Some(ls) -> get ls (ix - 1)
          | Type.Option_None -> Type.Option_None
          end
        end
  let rec cfg indexMut (o_param_l_1 : borrowed (Type.list)) (o_param_ix_2 : usize) : borrowed uint32
    requires {o_param_ix_2 < len ( * o_param_l_1)}
    ensures { forall i : int . 0 <= i && i < len ( * o_param_l_1) && i <> o_param_ix_2 -> get ( * o_param_l_1) i = get ( ^ o_param_l_1) i }
    ensures { Type.Option_Some( * result) = get ( * o_param_l_1) o_param_ix_2 }
    ensures { Type.Option_Some( ^ result) = get ( ^ o_param_l_1) o_param_ix_2 }
    ensures { len ( ^ o_param_l_1) = len ( * o_param_l_1) }
    =
  var _0 : borrowed uint32;
  var param_l_1 : borrowed (Type.list);
  var param_ix_2 : usize;
  var _3 : borrowed uint32;
  var l_4 : borrowed (Type.list);
  var ix_5 : usize;
  var _6 : ();
  var _12 : ();
  var _13 : bool;
  var _14 : usize;
  var _15 : ();
  var _16 : isize;
  var n_17 : borrowed (Type.list);
  var _18 : borrowed (Type.list);
  var _19 : ();
  var _20 : ();
  var _21 : borrowed uint32;
  {
    param_l_1 <- o_param_l_1;
    param_ix_2 <- o_param_ix_2;
    goto BB0
  }
  BB0 {
    l_4 <- param_l_1;
    ix_5 <- param_ix_2;
    assume { drop_uint param_ix_2 };
    goto BB1
  }
  BB1 {
    invariant valid_ix { (0 : usize) <= ix_5 && ix_5 < len ( * l_4) };
    invariant get_target_now { get ( * l_4) ix_5 = get ( * param_l_1) param_ix_2 };
    invariant get_target_fin { get ( ^ l_4) ix_5 = get ( ^ param_l_1) param_ix_2 };
    invariant len { len ( ^ l_4) = len ( * l_4) -> len ( ^ param_l_1) = len ( * param_l_1) };
    invariant untouched { (forall i : int . 0 <= i && i < len ( * l_4) && i <> ix_5 -> get ( ^ l_4) i = get ( * l_4) i) -> (forall i : int . 0 <= i && i < len ( * param_l_1) && i <> param_ix_2 -> get ( ^ param_l_1) i = get ( * param_l_1) i) };
    assume { (fun tup -> let () = tup in true) _12 };
    goto BB2
  }
  BB2 {
    _14 <- ix_5;
    _13 <- _14 > (0 : usize);
    switch (_13)
      | False -> goto BB4
      | True -> goto BB3
      | _ -> goto BB3
      end
  }
  BB3 {
    assume { drop_bool _13 };
    goto BB5
  }
  BB4 {
    assume { drop_uint ix_5 };
    assume { drop_bool _13 };
    _6 <- ();
    assume { (fun tup -> let () = tup in true) _6 };
    _21 <- borrow_mut (let Type.List(a, _) =  * l_4 in a);
    l_4 <- { l_4 with current = (let Type.List(a, b) =  * l_4 in Type.List( ^ _21, b)) };
    assume { drop_mut_ref l_4 };
    _3 <- borrow_mut ( * _21);
    _21 <- { _21 with current = ( ^ _3) };
    assume { drop_mut_ref _21 };
    _0 <- borrow_mut ( * _3);
    _3 <- { _3 with current = ( ^ _0) };
    assume { drop_mut_ref _3 };
    return _0
  }
  BB5 {
    switch (let Type.List(_, a) =  * l_4 in a)
      | Type.Option_None -> goto BB6
      | Type.Option_Some(_) -> goto BB7
      | _ -> goto BB8
      end
  }
  BB6 {
    assume { drop_mut_ref l_4 };
    assume { drop_uint ix_5 };
    assume { drop_int _16 };
    absurd
  }
  BB7 {
    assume { drop_int _16 };
    goto BB9
  }
  BB8 {
    assume { drop_mut_ref l_4 };
    assume { drop_uint ix_5 };
    assume { drop_int _16 };
    absurd
  }
  BB9 {
    n_17 <- borrow_mut (let Type.Option_Some(a) = let Type.List(_, a) =  * l_4 in a in a);
    l_4 <- { l_4 with current = (let Type.List(a, b) =  * l_4 in Type.List(a, let Type.Option_Some(a) = let Type.List(_, a) =  * l_4 in a in Type.Option_Some( ^ n_17))) };
    assume { drop_mut_ref l_4 };
    _18 <- borrow_mut ( * n_17);
    n_17 <- { n_17 with current = ( ^ _18) };
    assume { drop_mut_ref n_17 };
    l_4 <- _18;
    _15 <- ();
    assume { (fun tup -> let () = tup in true) _15 };
    ix_5 <- ix_5 - (1 : usize);
    _12 <- ();
    goto BB1
  }
  
  let rec cfg write (o_l_1 : borrowed (Type.list)) (o_ix_2 : usize) (o_val_3 : uint32) : ()
    requires {o_ix_2 < len ( * o_l_1)}
    ensures { forall i : int . 0 <= i && i < len ( * o_l_1) && i <> o_ix_2 -> get ( * o_l_1) i = get ( ^ o_l_1) i }
    ensures { Type.Option_Some(o_val_3) = get ( ^ o_l_1) o_ix_2 }
    ensures { len ( ^ o_l_1) = len ( * o_l_1) }
    =
  var _0 : ();
  var l_1 : borrowed (Type.list);
  var ix_2 : usize;
  var val_3 : uint32;
  var _4 : uint32;
  var _5 : borrowed uint32;
  var _6 : borrowed (Type.list);
  var _7 : usize;
  {
    l_1 <- o_l_1;
    ix_2 <- o_ix_2;
    val_3 <- o_val_3;
    goto BB0
  }
  BB0 {
    _4 <- val_3;
    assume { drop_uint val_3 };
    _6 <- borrow_mut ( * l_1);
    l_1 <- { l_1 with current = ( ^ _6) };
    assume { drop_mut_ref l_1 };
    _7 <- ix_2;
    assume { drop_uint ix_2 };
    _5 <- indexMut _6 _7;
    goto BB1
  }
  BB1 {
    _5 <- { _5 with current = _4 };
    assume { drop_uint _4 };
    assume { drop_mut_ref _5 };
    _0 <- ();
    return _0
  }
  
  let rec cfg main () : ()
    =
  var _0 : ();
  var l_1 : Type.list;
  var _2 : Type.option (Type.list);
  var _3 : Type.list;
  var _4 : Type.list;
  var _5 : Type.option (Type.list);
  var _6 : ();
  var _7 : borrowed (Type.list);
  var _8 : borrowed (Type.list);
  {
    goto BB0
  }
  BB0 {
    _5 <- Type.Option_None;
    _4 <- Type.List((10 : uint32), _5);
    _3 <- _4;
    goto BB1
  }
  BB1 {
    _2 <- Type.Option_Some(_3);
    l_1 <- Type.List((1 : uint32), _2);
    _8 <- borrow_mut l_1;
    l_1 <-  ^ _8;
    _7 <- borrow_mut ( * _8);
    _8 <- { _8 with current = ( ^ _7) };
    assume { drop_mut_ref _8 };
    _6 <- write _7 (0 : usize) (2 : uint32);
    goto BB2
  }
  BB2 {
    assume { (fun tup -> let () = tup in true) _6 };
    _0 <- ();
    goto BB3
  }
  BB3 {
    assume { Type.drop_list l_1 };
    return _0
  }
  
end
