module MultipleScopes
  use Ref
  use mach.int.Int
  use mach.int.Int32
  use mach.int.Int64
  use mach.int.UInt32
  use mach.int.UInt64
  use string.Char
  use floating_point.Single
  use floating_point.Double
  use prelude.Prelude

  scope Type
  end
  let rec cfg multipleScopes () : ()
    =
  var _0 : ();
  var x_1 : int32;
  var y_2 : int32;
  var y_3 : int32;
  var _4 : int32;
  {
    goto BB0
  }
  BB0 {
    x_1 <- (1 : int32);
    assume { drop_int x_1 };
    y_2 <- (2 : int32);
    assume { drop_int y_2 };
    y_3 <- (3 : int32);
    _4 <- y_3;
    assume { drop_int y_3 };
    x_1 <- _4;
    assume { drop_int _4 };
    _0 <- ();
    return _0
  }
  
  let rec cfg main () : ()
    =
  var _0 : ();
  {
    goto BB0
  }
  BB0 {
    _0 <- ();
    return _0
  }
  
end
