module MutCall
  use Ref
  use mach.int.Int
  use mach.int.Int32
  use mach.int.Int64
  use mach.int.UInt32
  use mach.int.UInt64
  use string.Char
  use floating_point.Single
  use floating_point.Double
  use prelude.Prelude

  scope Type
  end
  let rec cfg kill (o__1 : borrowed uint32) : ()
    =
  var _0 : ();
  var _1 : borrowed uint32;
  {
    _1 <- o__1;
    goto BB0
  }
  BB0 {
    _0 <- ();
    assume { drop_mut_ref _1 };
    return _0
  }
  
  let rec cfg test () : ()
    =
  var _0 : ();
  var a_1 : uint32;
  var _2 : ();
  var _3 : borrowed uint32;
  var _4 : borrowed uint32;
  {
    goto BB0
  }
  BB0 {
    a_1 <- (10 : uint32);
    _4 <- borrow_mut a_1;
    a_1 <-  ^ _4;
    assume { drop_uint a_1 };
    _3 <- borrow_mut ( * _4);
    _4 <- { _4 with current = ( ^ _3) };
    assume { drop_mut_ref _4 };
    _2 <- kill _3;
    goto BB1
  }
  BB1 {
    assume { (fun tup -> let () = tup in true) _2 };
    _0 <- ();
    return _0
  }
  
  let rec cfg main () : ()
    =
  var _0 : ();
  {
    goto BB0
  }
  BB0 {
    _0 <- ();
    return _0
  }
  
end
