module Prophecy
  use Ref
  use mach.int.Int
  use mach.int.Int32
  use mach.int.Int64
  use mach.int.UInt32
  use mach.int.UInt64
  use string.Char
  use floating_point.Single
  use floating_point.Double
  use prelude.Prelude

  scope Type
  end
  let rec cfg main () : ()
    =
  var _0 : ();
  var x_1 : int32;
  var y_2 : borrowed int32;
  {
    goto BB0
  }
  BB0 {
    x_1 <- (0 : int32);
    y_2 <- borrow_mut x_1;
    x_1 <-  ^ y_2;
    assume { drop_int x_1 };
    y_2 <- { y_2 with current = (5 : int32) };
    assume { drop_mut_ref y_2 };
    _0 <- ();
    return _0
  }
  
end
