module SplitBorrow
  use Ref
  use mach.int.Int
  use mach.int.Int32
  use mach.int.Int64
  use mach.int.UInt32
  use mach.int.UInt64
  use string.Char
  use floating_point.Single
  use floating_point.Double
  use prelude.Prelude

  scope Type
  type myint  = 
    | MyInt(usize)
    
  predicate drop_myint (self : myint) = 
    let MyInt(a) = self in drop_uint a
  end
  let rec cfg z () : bool
    =
  var _0 : bool;
  {
    goto BB0
  }
  BB0 {
    _0 <- true;
    return _0
  }
  
  let rec cfg main () : ()
    =
  var _0 : ();
  var x_1 : (Type.myint, Type.myint);
  var _2 : Type.myint;
  var _3 : Type.myint;
  var y_4 : borrowed (Type.myint, Type.myint);
  var _5 : ();
  var _6 : bool;
  var _7 : Type.myint;
  var _8 : Type.myint;
  var _9 : usize;
  {
    goto BB0
  }
  BB0 {
    _2 <- Type.MyInt((1 : usize));
    _3 <- Type.MyInt((2 : usize));
    x_1 <- (_2, _3);
    y_4 <- borrow_mut x_1;
    x_1 <-  ^ y_4;
    assume { (fun tup -> let (a, b) = tup in Type.drop_myint a && Type.drop_myint b) x_1 };
    _6 <- z ();
    goto BB1
  }
  BB1 {
    switch (_6)
      | False -> goto BB3
      | True -> goto BB2
      | _ -> goto BB2
      end
  }
  BB2 {
    assume { drop_bool _6 };
    _7 <- Type.MyInt((4 : usize));
    y_4 <- { y_4 with current = (let (a, b) =  * y_4 in (a, _7)) };
    assume { Type.drop_myint _7 };
    _5 <- ();
    assume { (fun tup -> let () = tup in true) _5 };
    goto BB4
  }
  BB3 {
    assume { drop_bool _6 };
    _8 <- Type.MyInt((10 : usize));
    y_4 <- { y_4 with current = (let (a, b) =  * y_4 in (_8, b)) };
    assume { Type.drop_myint _8 };
    _5 <- ();
    assume { (fun tup -> let () = tup in true) _5 };
    goto BB4
  }
  BB4 {
    _9 <- (let Type.MyInt(a) = let (a, _) =  * y_4 in a in a);
    assume { drop_mut_ref y_4 };
    assume { drop_uint _9 };
    _0 <- ();
    return _0
  }
  
end
