module Sum
  use Ref
  use mach.int.Int
  use mach.int.Int32
  use mach.int.Int64
  use mach.int.UInt32
  use mach.int.UInt64
  use string.Char
  use floating_point.Single
  use floating_point.Double
  use prelude.Prelude

  scope Type
  end
  let rec cfg sumFirstN (o_n_1 : uint32) : uint32
    ensures { result = o_n_1 * o_n_1 + (1 : uint32) / (2 : uint32) }
    =
  var _0 : uint32;
  var n_1 : uint32;
  var sum_2 : uint32;
  var i_3 : uint32;
  var _4 : ();
  var _7 : ();
  var _8 : bool;
  var _9 : uint32;
  var _10 : uint32;
  var _11 : uint32;
  var _12 : ();
  {
    n_1 <- o_n_1;
    goto BB0
  }
  BB0 {
    sum_2 <- (0 : uint32);
    i_3 <- (0 : uint32);
    goto BB1
  }
  BB1 {
    invariant loop_bound { i_3 < n_1 + (1 : uint32) };
    invariant sum_value { sum_2 = i_3 * i_3 + (1 : uint32) / (2 : uint32) };
    assume { (fun tup -> let () = tup in true) _7 };
    goto BB2
  }
  BB2 {
    _9 <- i_3;
    _10 <- n_1;
    _8 <- _9 <= _10;
    switch (_8)
      | False -> goto BB4
      | True -> goto BB3
      | _ -> goto BB3
      end
  }
  BB3 {
    assume { drop_bool _8 };
    goto BB5
  }
  BB4 {
    assume { drop_uint n_1 };
    assume { drop_uint i_3 };
    assume { drop_bool _8 };
    _4 <- ();
    assume { (fun tup -> let () = tup in true) _4 };
    _0 <- sum_2;
    assume { drop_uint sum_2 };
    return _0
  }
  BB5 {
    _11 <- i_3;
    sum_2 <- sum_2 + _11;
    assume { drop_uint _11 };
    i_3 <- i_3 + (1 : uint32);
    _7 <- ();
    goto BB1
  }
  
  let rec cfg main () : ()
    =
  var _0 : ();
  {
    goto BB0
  }
  BB0 {
    _0 <- ();
    return _0
  }
  
end
